================================================================================
         MTSN_slim 实验开始
================================================================================
关键实验参数:
  Learning Rate:    0.0001
  Model Dimension:  8
  Attention Heads:  4
  Encoder Layers:   1
  Sequence Length:  168
  Prediction Length:168
================================================================================
完整实验参数配置:
Namespace(is_training=1, task_id='test', model='MTSN_slim', num_blocks=2, top_k=2, num_experts=4, moe_loss_factor=0.4, hidden_act='gelu', use_moe=False, save_npy=False, combie_mode='add', use_feature_ablation=False, feature_ablation_mode=1, caculate_mode=1, use_feature_ablation_mode='feature_weighting', data='electricity', root_path='/home/wms/South/TPGN/Dataset/', data_path='electricity.csv', features='M', target='OT', freq='h', checkpoints='./checkpoints/', seq_len=168, label_len=0, pred_len=168, bucket_size=4, n_hashes=4, enc_in=321, dec_in=321, c_out=1, d_model=8, n_heads=4, e_layers=1, d_layers=1, d_ff=0, moving_avg=25, factor=1, distil=True, dropout=0.2, embed='timeF', activation='gelu', output_attention=False, do_predict=False, num_workers=10, itr=1, train_epochs=1, batch_size=32, patience=5, learning_rate=0.0001, des='test_logging', loss='mse', lradj='type4', use_amp=False, use_gpu=True, gpu=0, use_multi_gpu=False, devices='0,1', fc_dropout=0.2, head_dropout=0.0, patch_len=16, stride=8, padding_patch='end', revin=1, affine=0, subtract_last=0, decomposition=0, kernel_size=25, individual=0, use_norm=True, stem_ratio=6, downsample_ratio=2, ffn_ratio=8, patch_size=8, patch_stride=4, large_size=51, small_size=5, small_kernel_merged=False, call_structural_reparam=False, use_multi_scale=True, TPGN_period=24, norm=0)
MTSN_slim
Use GPU: cuda:0
###### generator parameters: 54287099
>>>>>>>start training : test_MTSN_slim_electricity_ftM_sl168_ll0_pl168_dm8_nh4_el1_dl1_df0_fc1_ebtimeF_dtTrue_test_logging_0>>>>>>>>>>>>>>>>>>>>>>>>>>
train 15447
val 5095
test 5093
train_loader_len:
482
Epoch: 1 cost time: 52.977372884750366
Epoch: 1, Steps: 482 | Train Loss: 0.3551519 Vali Loss: 0.2498224 Test Loss: 0.2565520
Validation loss decreased (inf --> 0.249822).  Saving model ...
Updating learning rate to 0.0001
>>>>>>>testing : test_MTSN_slim_electricity_ftM_sl168_ll0_pl168_dm8_nh4_el1_dl1_df0_fc1_ebtimeF_dtTrue_test_logging_0<<<<<<<<<<<<<<<<<<<<<<<<<<<<<<<<<
test 5093
test shape: (159, 32, 168, 321) (159, 32, 168, 321)
test shape: (5088, 168, 321) (5088, 168, 321)
mae:0.348762184381485, mse:0.2565520107746124, train_time:52.977372884750366, test_time:7.1256608963012695
================================================================================
实验完成！日志文件保存在: logs/MTSN_slim_lr0.0001_dm8_nh4_el1_sl168_pl168_20250623_032547.log
================================================================================
